   0:	0000	bubble
   1:	0000	bubble
   2:	0000	bubble
   3:	0000	bubble
   4:	0000	irmovq	$0x200, %rsp
   5:	000a	bubble
   6:	000a	bubble
   7:	000a	bubble
   8:	000a	call	$0x14
   9:	0014	bubble
  10:	0014	bubble
  11:	0014	bubble
  12:	0014	call	$0x1e
  13:	001e	bubble
  14:	001e	bubble
  15:	001e	bubble
  16:	001e	ret	
  17:	001d	bubble
  18:	001d	bubble
  19:	001d	bubble
  20:	001d	ret	
  21:	0013	halt	
rax: 0000000000000000
rcx: 0000000000000000
rdx: 0000000000000000
rbx: 0000000000000000
rsp: 0000000000000200
rbp: 0000000000000000
rsi: 0000000000000000
rdi: 0000000000000000
 r8: 0000000000000000
 r9: 0000000000000000
r10: 0000000000000000
r11: 0000000000000000
r12: 0000000000000000
r13: 0000000000000000
r14: 0000000000000000
 pc: 0000000000000013
status: HLT
cc: Z=0 S=0 O=0
W[000001f8]: 0000000000000013
W[000001f0]: 000000000000001d
