   0:	0000	bubble
   1:	0000	bubble
   2:	0000	bubble
   3:	0000	bubble
   4:	0000	halt	
rax: 0000000000000000
rcx: 0000000000000000
rdx: 0000000000000000
rbx: 0000000000000000
rsp: 0000000000000000
rbp: 0000000000000000
rsi: 0000000000000000
rdi: 0000000000000000
 r8: 0000000000000000
 r9: 0000000000000000
r10: 0000000000000000
r11: 0000000000000000
r12: 0000000000000000
r13: 0000000000000000
r14: 0000000000000000
 pc: 0000000000000000
status: HLT
cc: Z=0 S=0 O=0
