   0:	0000	bubble
   1:	0000	bubble
   2:	0000	bubble
   3:	0000	bubble
   4:	0000	irmovq	$0x8, %rbx
   5:	000a	bubble
   6:	000a	bubble
   7:	000a	bubble
   8:	000a	addq	%rax, %rbx
   9:	000c	irmovq	$0x200, %rsi
  10:	0016	bubble
  11:	0016	bubble
  12:	0016	bubble
  13:	0016	mrmovq	$0x4(%rsi), %rcx
  14:	0020	bubble
  15:	0020	bubble
  16:	0020	bubble
  17:	0020	subq	%rax, %rcx
  18:	0022	irmovq	$0xa, %rdi
  19:	002c	bubble
  20:	002c	bubble
  21:	002c	bubble
  22:	002c	addq	%rax, %rdi
  23:	002e	subq	%rsi, %rdx
  24:	0030	halt	
rax: 0000000000000000
rcx: 0000000000000000
rdx: fffffffffffffe00
rbx: 0000000000000008
rsp: 0000000000000000
rbp: 0000000000000000
rsi: 0000000000000200
rdi: 000000000000000a
 r8: 0000000000000000
 r9: 0000000000000000
r10: 0000000000000000
r11: 0000000000000000
r12: 0000000000000000
r13: 0000000000000000
r14: 0000000000000000
 pc: 0000000000000030
status: HLT
cc: Z=0 S=1 O=0
